src/controllers/authController.ts(5,30): error TS1479: The current file is a CommonJS module whose imports will produce 'require' calls; however, the referenced file is an ECMAScript module and cannot be imported with 'require'. Consider writing a dynamic 'import("uuid")' call instead.
  To convert this file to an ECMAScript module, change its file extension to '.mts', or add the field `"type": "module"` to 'M:/SEM6/CC/Assginment/server/package.json'.
